// Jest Snapshot v1, https://goo.gl/fbAQLP

exports[`ProductCard matches snapshot 1`] = `
<div
  className="MuiPaper-root MuiCard-root MuiPaper-elevation1 MuiPaper-rounded"
  data-testid="product-test product"
>
  <div
    className="MuiCardContent-root"
  >
    <div>
      <img
        alt="alt-text"
      />
    </div>
    <p
      className="MuiTypography-root MuiTypography-body2 MuiTypography-colorTextSecondary MuiTypography-alignCenter"
    >
      test product
    </p>
  </div>
</div>
`;
